Starting inference...
Loading master mapping from /Users/michael/Desktop/Ambrosia/Semantic-Layer/FSKX_to_RDF/master_mapping.xlsx...
Loaded 319 rows from master mapping.
Processing c4adaff8-96af-40b5-adb9-79bca46c0b04.ttl...
  [Param: Tmin]
    Unit matched: 'http://semanticlookup.zbmed.de/km/fskxo/FSKXO_0000017508' -> '°C (degrees Celsius, ° Celsius)'
    Classification:   (Raw: {'HTTP://SEMANTICLOOKUP.ZBMED.DE/KM/FSKXO/FSKXO_0000017594'})
    Skipping parameter matching (not Input/Output or no candidates)
  [Param: alpha0]
    Unit matched: 'http://semanticlookup.zbmed.de/km/fskxo/FSKXO_0000017540' -> '[] (Dimensionless)'
    Classification:   (Raw: {'HTTP://SEMANTICLOOKUP.ZBMED.DE/KM/FSKXO/FSKXO_0000017594'})
    Skipping parameter matching (not Input/Output or no candidates)
  [Param: b]
    Unit matched: 'http://semanticlookup.zbmed.de/km/fskxo/FSKXO_0000017506' -> '° (Degree)'
    Classification:   (Raw: {'HTTP://SEMANTICLOOKUP.ZBMED.DE/KM/FSKXO/FSKXO_0000017594'})
    Skipping parameter matching (not Input/Output or no candidates)
  [Param: model_values]
    Unit matched: 'http://semanticlookup.zbmed.de/km/fskxo/FSKXO_0000017632' -> 'mg/100 mL (Milligram/100 Millilitre)'
    Classification:  Output (Raw: {'HTTP://SEMANTICLOOKUP.ZBMED.DE/KM/FSKXO/FSKXO_0000017596'})
  Matching term: 'Predicted bacterial population'
  Tokens: {'bacterial', 'population', 'predicted'}
    Candidate 'Risk summary table (risk summary per subpopulation, risk matrix)' score: 0.8 (population~subpopulation)
  -> Best match: 'Risk summary table (risk summary per subpopulation, risk matrix)' (Score: 0.8)
    Parameter matched: 'Predicted bacterial population' -> 'Risk summary table (risk summary per subpopulation, risk matrix)'
  [Param: t]
    Unit matched: 'http://semanticlookup.zbmed.de/km/fskxo/FSKXO_0000017569' -> 'h (hours)'
    Classification:  Output (Raw: {'HTTP://SEMANTICLOOKUP.ZBMED.DE/KM/FSKXO/FSKXO_0000017596'})
  Matching term: 'Time'
  Tokens: {'time'}
    Candidate 'Simulation time series (time axis of simulation)' score: 1.0 (time==time)
  -> Best match: 'Simulation time series (time axis of simulation)' (Score: 1.0)
    Parameter matched: 'Time' -> 'Simulation time series (time axis of simulation)'
  [Param: temp_celsius]
    Unit matched: 'http://semanticlookup.zbmed.de/km/fskxo/FSKXO_0000017508' -> '°C (degrees Celsius, ° Celsius)'
    Classification: Input  (Raw: {'HTTP://SEMANTICLOOKUP.ZBMED.DE/KM/FSKXO/FSKXO_0000017595'})
  Matching term: 'Temperature'
  Tokens: {'temperature'}
    Candidate 'Temperature (Near-Surface Air Temperature)' score: 1.0 (temperature==temperature)
    Candidate 'Daily Maximum Temperature (Daily Maximum Near-Surface Air Temperature)' score: 1.0 (temperature==temperature)
  -> Best match: 'Temperature (Near-Surface Air Temperature)' (Score: 1.0)
    Parameter matched: 'Temperature' -> 'Temperature (Near-Surface Air Temperature)'
  [Param: tmax]
    Unit matched: 'http://semanticlookup.zbmed.de/km/fskxo/FSKXO_0000017569' -> 'h (hours)'
    Classification: Input  (Raw: {'HTTP://SEMANTICLOOKUP.ZBMED.DE/KM/FSKXO/FSKXO_0000017595'})
  Matching term: 'Maximum simulation time'
  Tokens: {'maximum', 'simulation', 'time'}
    Candidate 'Daily Maximum Temperature (Daily Maximum Near-Surface Air Temperature)' score: 1.0 (maximum==maximum)
  -> Best match: 'Daily Maximum Temperature (Daily Maximum Near-Surface Air Temperature)' (Score: 1.0)
    Ignoring incompatible input match for time unit: 'Maximum simulation time' -> 'Daily Maximum Temperature (Daily Maximum Near-Surface Air Temperature)'
  Matching term: 'tmax'
  Tokens: {'tmax'}
    Parameter NOT matched for ['Maximum simulation time', 'tmax']
  [Param: y0]
    Unit matched: 'http://semanticlookup.zbmed.de/km/fskxo/FSKXO_0000017632' -> 'mg/100 mL (Milligram/100 Millilitre)'
    Classification: Input  (Raw: {'HTTP://SEMANTICLOOKUP.ZBMED.DE/KM/FSKXO/FSKXO_0000017595'})
  Matching term: 'Initial population'
  Tokens: {'population', 'initial'}
  Matching term: 'y0'
  No valid tokens found in 'y0'
    Parameter NOT matched for ['Initial population', 'y0']
Processing ac398182-01ab-48f0-b25c-ca432631b018.ttl...
  [Param: Tmin]
    Unit matched: '[]' -> '[] (Dimensionless)'
    Classification:   (Raw: {'HTTP://SEMANTICLOOKUP.ZBMED.DE/KM/FSKXO/FSKXO_0000017594'})
    Skipping parameter matching (not Input/Output or no candidates)
  [Param: alpha0]
    Unit matched: '[]' -> '[] (Dimensionless)'
    Classification:   (Raw: {'HTTP://SEMANTICLOOKUP.ZBMED.DE/KM/FSKXO/FSKXO_0000017594'})
    Skipping parameter matching (not Input/Output or no candidates)
  [Param: b]
    Unit matched: '[]' -> '[] (Dimensionless)'
    Classification:   (Raw: {'HTTP://SEMANTICLOOKUP.ZBMED.DE/KM/FSKXO/FSKXO_0000017594'})
    Skipping parameter matching (not Input/Output or no candidates)
  [Param: model_values]
    Unit matched: '[]' -> '[] (Dimensionless)'
    Classification:  Output (Raw: {'HTTP://SEMANTICLOOKUP.ZBMED.DE/KM/FSKXO/FSKXO_0000017596'})
  Matching term: 'model_values'
  Tokens: {'values', 'model'}
  Matching term: 'model_values'
  Tokens: {'values', 'model'}
    Parameter NOT matched for ['model_values', 'model_values']
  [Param: t]
    Unit matched: '[]' -> '[] (Dimensionless)'
    Classification:  Output (Raw: {'HTTP://SEMANTICLOOKUP.ZBMED.DE/KM/FSKXO/FSKXO_0000017596'})
  Matching term: 't'
  No valid tokens found in 't'
  Matching term: 't'
  No valid tokens found in 't'
    Parameter NOT matched for ['t', 't']
  [Param: temp_celsius]
    Unit matched: 'http://semanticlookup.zbmed.de/km/fskxo/FSKXO_0000017506' -> '° (Degree)'
    Classification: Input  (Raw: {'HTTP://SEMANTICLOOKUP.ZBMED.DE/KM/FSKXO/FSKXO_0000017595'})
  Matching term: 'temp_celsius'
  Tokens: {'temp', 'celsius'}
    Candidate 'Temperature (Near-Surface Air Temperature)' score: 0.8 (temp~temperature)
    Candidate 'Daily Maximum Temperature (Daily Maximum Near-Surface Air Temperature)' score: 0.8 (temp~temperature)
  -> Best match: 'Temperature (Near-Surface Air Temperature)' (Score: 0.8)
    Parameter matched: 'temp_celsius' -> 'Temperature (Near-Surface Air Temperature)'
  [Param: tmax]
    Unit matched: '[]' -> '[] (Dimensionless)'
    Classification: Input  (Raw: {'HTTP://SEMANTICLOOKUP.ZBMED.DE/KM/FSKXO/FSKXO_0000017595'})
  Matching term: 'tmax'
  Tokens: {'tmax'}
  Matching term: 'tmax'
  Tokens: {'tmax'}
    Parameter NOT matched for ['tmax', 'tmax']
  [Param: y0]
    Unit matched: 'http://semanticlookup.zbmed.de/km/fskxo/FSKXO_0000017519' -> 'C (Coulomb)'
    Classification: Input  (Raw: {'HTTP://SEMANTICLOOKUP.ZBMED.DE/KM/FSKXO/FSKXO_0000017595'})
  Matching term: 'y0'
  No valid tokens found in 'y0'
  Matching term: 'y0'
  No valid tokens found in 'y0'
    Parameter NOT matched for ['y0', 'y0']
Inferred units saved to /Users/michael/Desktop/Ambrosia/Semantic-Layer/FSKX_to_RDF/inferred_units.json
